<html>
<body>
<pre>
<h1>µVision Build Log</h1>
<h2>Project:</h2>
C:\Users\Nippun\Documents\keil_lab _Examples\19CSE303-Lab\Lab8\lab8.uvproj
Project File Date:  12/05/2023

<h2>Output:</h2>
Build target 'Target 1'
assembling Startup.s...
linking...
lab8.axf: Warning: L6665W: Neither Lib$$Request$$armlib Lib$$Request$$cpplib defined, not searching ARM libraries.
lab8.axf: Error: L6411W: No compatible library exists with a definition of startup symbol __main.
Target not created
Build target 'Target 1'
compiling exp1.c...
exp1.c(17): error:  #20: identifier "AD0STAT" is undefined
exp1.c(18): error:  #20: identifier "AD0DR1" is undefined
exp1.c(20): warning:  #1-D: last line of file ends without a newline
Target not created
Build target 'Target 1'
compiling exp1.c...
exp1.c(17): error:  #20: identifier "AD0STAT" is undefined
exp1.c(18): error:  #20: identifier "AD0DR1" is undefined
exp1.c(20): warning:  #1-D: last line of file ends without a newline
Target not created
Build target 'Target 1'
compiling exp1.c...
exp1.c(17): error:  #20: identifier "ADSTAT0" is undefined
exp1.c(18): error:  #20: identifier "AD0DR1" is undefined
exp1.c(20): warning:  #1-D: last line of file ends without a newline
Target not created
Build target 'Target 1'
compiling exp1.c...
exp1.c(20): warning:  #1-D: last line of file ends without a newline
linking...
lab8.axf: Error: L6218E: Undefined symbol main (referred from rtentry2.o).
Target not created
Build target 'Target 1'
linking...
lab8.axf: Error: L6218E: Undefined symbol main (referred from rtentry2.o).
Target not created
Build target 'Target 1'
linking...
lab8.axf: Error: L6218E: Undefined symbol main (referred from rtentry2.o).
Target not created
compiling exp1.c...
exp1.c(20): warning:  #1-D: last line of file ends without a newline
exp1.c - 0 Error(s), 1 Warning(s).
Build target 'Target 1'
compiling exp1.c...
exp1.c(32): warning:  #1-D: last line of file ends without a newline
linking...
Program Size: Code=568 RO-data=16 RW-data=0 ZI-data=1256  
"lab8.axf" - 0 Error(s), 1 Warning(s).
Build target 'Target 1'
compiling exp1.c...
exp1.c(34): warning:  #1-D: last line of file ends without a newline
linking...
Program Size: Code=624 RO-data=32 RW-data=4 ZI-data=1260  
"lab8.axf" - 0 Error(s), 1 Warning(s).
Build target 'Target 1'
compiling exp2.c...
exp2.c(8): error:  #65: expected a ";"
exp2.c(52): warning:  #1-D: last line of file ends without a newline
Target not created
compiling exp2.c...
exp2.c(52): warning:  #1-D: last line of file ends without a newline
exp2.c - 0 Error(s), 1 Warning(s).
Build target 'Target 1'
linking...
Program Size: Code=860 RO-data=16 RW-data=0 ZI-data=1256  
"lab8.axf" - 0 Error(s), 0 Warning(s).
Build target 'Target 1'
compiling exp2.c...
exp2.c(52): warning:  #1-D: last line of file ends without a newline
linking...
Program Size: Code=860 RO-data=16 RW-data=0 ZI-data=1256  
"lab8.axf" - 0 Error(s), 1 Warning(s).
Build target 'Target 1'
compiling exp2.c...
exp2.c(52): warning:  #1-D: last line of file ends without a newline
linking...
Program Size: Code=860 RO-data=16 RW-data=0 ZI-data=1256  
"lab8.axf" - 0 Error(s), 1 Warning(s).
