


ARM Macro Assembler    Page 1 


    1 00000000                 AREA             data, DATA, READONLY
    2 00000000 41 6D 72 
              69 74 61 
              00       source  dcb              "Amrita\0"
    3 00000007         
    4 00000007                 AREA             data1, DATA, READWRITE
    5 00000000 00000000 
                       destination
                               dcd              0
    6 00000004         
    7 00000004                 AREA             exp1, CODE, READONLY
    8 00000000 E59F0014        ldr              r0, =source
    9 00000004 E59F1014        ldr              r1, =destination
   10 00000008 E4D02001 
                       loop    ldrb             r2, [r0], #1
   11 0000000C E4C12001        strb             r2, [r1], #1
   12 00000010 E3520000        cmp              r2, #"\0"
   13 00000014 1AFFFFFB        bne              loop
   14 00000018 EAFFFFFE 
                       e       b                e
   15 0000001C                 end
              00000000 
              00000000 
Command Line: --debug --xref --device=DARMP --apcs=interwork -oexp2.o -IC:\Keil
\ARM\INC\Philips --predefine="__EVAL SETA 1" --list=exp2.lst exp2.s



ARM Macro Assembler    Page 1 Alphabetic symbol ordering
Relocatable symbols

data 00000000

Symbol: data
   Definitions
      At line 1 in file exp2.s
   Uses
      None
Comment: data unused
source 00000000

Symbol: source
   Definitions
      At line 2 in file exp2.s
   Uses
      At line 8 in file exp2.s
Comment: source used once
2 symbols



ARM Macro Assembler    Page 1 Alphabetic symbol ordering
Relocatable symbols

data1 00000000

Symbol: data1
   Definitions
      At line 4 in file exp2.s
   Uses
      None
Comment: data1 unused
destination 00000000

Symbol: destination
   Definitions
      At line 5 in file exp2.s
   Uses
      At line 9 in file exp2.s
Comment: destination used once
2 symbols



ARM Macro Assembler    Page 1 Alphabetic symbol ordering
Relocatable symbols

e 00000018

Symbol: e
   Definitions
      At line 14 in file exp2.s
   Uses
      At line 14 in file exp2.s
Comment: e used once
exp1 00000000

Symbol: exp1
   Definitions
      At line 7 in file exp2.s
   Uses
      None
Comment: exp1 unused
loop 00000008

Symbol: loop
   Definitions
      At line 10 in file exp2.s
   Uses
      At line 13 in file exp2.s
Comment: loop used once
3 symbols
329 symbols in table
