<html>
<body>
<pre>
<h1>µVision Build Log</h1>
<h2>Project:</h2>
C:\Users\Nippun\Documents\keil_lab _Examples\19CSE303-Lab\lab3\lab3.uvproj
Project File Date:  08/26/2023

<h2>Output:</h2>
Build target 'Target 1'
assembling exp1.s...
linking...
Program Size: Code=44 RO-data=8 RW-data=4 ZI-data=0  
"lab3.axf" - 0 Error(s), 0 Warning(s).
Build target 'Target 1'
assembling exp1.s...
linking...
Program Size: Code=44 RO-data=8 RW-data=4 ZI-data=0  
"lab3.axf" - 0 Error(s), 0 Warning(s).
Build target 'Target 1'
assembling exp1.s...
linking...
Program Size: Code=44 RO-data=8 RW-data=4 ZI-data=0  
"lab3.axf" - 0 Error(s), 0 Warning(s).
Build target 'Target 1'
linking...
Program Size: Code=44 RO-data=8 RW-data=4 ZI-data=0  
"lab3.axf" - 0 Error(s), 0 Warning(s).
Build target 'Target 1'
assembling exp2.s...
exp2.s(18): error: A1147E: Bad shift name
exp2.s(25): warning: A1313W: Missing END directive at end of file
Target not created
Build target 'Target 1'
assembling exp2.s...
linking...
Program Size: Code=72 RO-data=8 RW-data=4 ZI-data=0  
"lab3.axf" - 0 Error(s), 0 Warning(s).
Build target 'Target 1'
assembling exp2.s...
linking...
Program Size: Code=64 RO-data=8 RW-data=4 ZI-data=0  
"lab3.axf" - 0 Error(s), 0 Warning(s).
Build target 'Target 1'
assembling exp2.s...
linking...
Program Size: Code=64 RO-data=8 RW-data=4 ZI-data=0  
"lab3.axf" - 0 Error(s), 0 Warning(s).
Build target 'Target 1'
assembling exp2.s...
linking...
Program Size: Code=64 RO-data=8 RW-data=4 ZI-data=0  
"lab3.axf" - 0 Error(s), 0 Warning(s).
Build target 'Target 1'
assembling exp2.s...
linking...
Program Size: Code=64 RO-data=8 RW-data=4 ZI-data=0  
"lab3.axf" - 0 Error(s), 0 Warning(s).
Build target 'Target 1'
assembling exp2.s...
linking...
Program Size: Code=64 RO-data=8 RW-data=4 ZI-data=0  
"lab3.axf" - 0 Error(s), 0 Warning(s).
